Archive member included to satisfy reference by file (symbol)

lib/orangescrt.a(printf.o)    kernel/main.o (printf)
lib/orangescrt.a(vsprintf.o)  kernel/main.o (vsprintf)
lib/orangescrt.a(string.o)    kernel/start.o (memcpy)
lib/orangescrt.a(misc.o)      kernel/main.o (send_recv)
lib/orangescrt.a(open.o)      kernel/main.o (open)
lib/orangescrt.a(read.o)      kernel/main.o (read)
lib/orangescrt.a(write.o)     kernel/main.o (write)
lib/orangescrt.a(close.o)     kernel/main.o (close)
lib/orangescrt.a(getpid.o)    kernel/main.o (getpid)
lib/orangescrt.a(stat.o)      mm/exec.o (stat)
lib/orangescrt.a(fork.o)      kernel/main.o (fork)
lib/orangescrt.a(wait.o)      kernel/main.o (wait)
lib/orangescrt.a(exec.o)      kernel/main.o (execv)
lib/orangescrt.a(syscall.o)   lib/orangescrt.a(misc.o) (sendrec)

Allocating common symbols
Common symbol       size              file

idt_ptr             0x6               kernel/global.o
inode_table         0xb00             kernel/global.o
task_stack          0x24000           kernel/global.o
k_reenter           0x4               kernel/global.o
gdt                 0x400             kernel/global.o
current_console     0x4               kernel/global.o
pcaller             0x4               kernel/global.o
tty_table           0xc6c             kernel/global.o
tss                 0x68              kernel/global.o
fs_msg              0x30              kernel/global.o
memory_size         0x4               kernel/global.o
f_desc_table        0x400             kernel/global.o
root_inode          0x4               kernel/global.o
disp_pos            0x4               kernel/global.o
mm_msg              0x30              kernel/global.o
key_pressed         0x4               kernel/global.o
gdt_ptr             0x6               kernel/global.o
idt                 0x800             kernel/global.o
super_block         0x1e0             kernel/global.o
PARTITION_ENTRY     0x10              kernel/hd.o
ticks               0x4               kernel/global.o
proc_queue          0x18              kernel/global.o
debug_info          0x64              mm/forkexit.o
console_table       0x3c              kernel/global.o
irq_table           0x40              kernel/global.o
p_proc_ready        0x4               kernel/global.o
proc_table          0x3cb4            kernel/global.o

Discarded input sections

 .note.GNU-stack
                0x0000000000000000        0x0 kernel/start.o
 .note.GNU-stack
                0x0000000000000000        0x0 kernel/main.o
 .note.GNU-stack
                0x0000000000000000        0x0 kernel/clock.o
 .note.GNU-stack
                0x0000000000000000        0x0 kernel/keyboard.o
 .note.GNU-stack
                0x0000000000000000        0x0 kernel/tty.o
 .note.GNU-stack
                0x0000000000000000        0x0 kernel/console.o
 .note.GNU-stack
                0x0000000000000000        0x0 kernel/i8259.o
 .note.GNU-stack
                0x0000000000000000        0x0 kernel/global.o
 .note.GNU-stack
                0x0000000000000000        0x0 kernel/protect.o
 .note.GNU-stack
                0x0000000000000000        0x0 kernel/proc.o
 .note.GNU-stack
                0x0000000000000000        0x0 kernel/systask.o
 .note.GNU-stack
                0x0000000000000000        0x0 kernel/hd.o
 .note.GNU-stack
                0x0000000000000000        0x0 kernel/klib.o
 .note.GNU-stack
                0x0000000000000000        0x0 lib/syslog.o
 .note.GNU-stack
                0x0000000000000000        0x0 mm/main.o
 .note.GNU-stack
                0x0000000000000000        0x0 mm/forkexit.o
 .note.GNU-stack
                0x0000000000000000        0x0 mm/exec.o
 .note.GNU-stack
                0x0000000000000000        0x0 fs/main.o
 .note.GNU-stack
                0x0000000000000000        0x0 fs/open.o
 .note.GNU-stack
                0x0000000000000000        0x0 fs/misc.o
 .note.GNU-stack
                0x0000000000000000        0x0 fs/read_write.o
 .note.GNU-stack
                0x0000000000000000        0x0 fs/link.o
 .note.GNU-stack
                0x0000000000000000        0x0 fs/disklog.o
 .note.GNU-stack
                0x0000000000000000        0x0 lib/orangescrt.a(printf.o)
 .note.GNU-stack
                0x0000000000000000        0x0 lib/orangescrt.a(vsprintf.o)
 .note.GNU-stack
                0x0000000000000000        0x0 lib/orangescrt.a(misc.o)
 .note.GNU-stack
                0x0000000000000000        0x0 lib/orangescrt.a(open.o)
 .note.GNU-stack
                0x0000000000000000        0x0 lib/orangescrt.a(read.o)
 .note.GNU-stack
                0x0000000000000000        0x0 lib/orangescrt.a(write.o)
 .note.GNU-stack
                0x0000000000000000        0x0 lib/orangescrt.a(close.o)
 .note.GNU-stack
                0x0000000000000000        0x0 lib/orangescrt.a(getpid.o)
 .note.GNU-stack
                0x0000000000000000        0x0 lib/orangescrt.a(stat.o)
 .note.GNU-stack
                0x0000000000000000        0x0 lib/orangescrt.a(fork.o)
 .note.GNU-stack
                0x0000000000000000        0x0 lib/orangescrt.a(wait.o)
 .note.GNU-stack
                0x0000000000000000        0x0 lib/orangescrt.a(exec.o)

Memory Configuration

Name             Origin             Length             Attributes
*default*        0x0000000000000000 0xffffffffffffffff

Linker script and memory map

Address of section .text set to 0x1000
LOAD kernel/kernel.o
LOAD kernel/start.o
LOAD kernel/main.o
LOAD kernel/clock.o
LOAD kernel/keyboard.o
LOAD kernel/tty.o
LOAD kernel/console.o
LOAD kernel/i8259.o
LOAD kernel/global.o
LOAD kernel/protect.o
LOAD kernel/proc.o
LOAD kernel/systask.o
LOAD kernel/hd.o
LOAD kernel/kliba.o
LOAD kernel/klib.o
LOAD lib/syslog.o
LOAD mm/main.o
LOAD mm/forkexit.o
LOAD mm/exec.o
LOAD fs/main.o
LOAD fs/open.o
LOAD fs/misc.o
LOAD fs/read_write.o
LOAD fs/link.o
LOAD fs/disklog.o
LOAD lib/orangescrt.a
                [!provide]                        PROVIDE (__executable_start, 0x8048000)
                0x0000000008048094                . = (0x8048000 + SIZEOF_HEADERS)

.interp
 *(.interp)

.note.gnu.build-id
 *(.note.gnu.build-id)

.hash
 *(.hash)

.gnu.hash
 *(.gnu.hash)

.dynsym
 *(.dynsym)

.dynstr
 *(.dynstr)

.gnu.version
 *(.gnu.version)

.gnu.version_d
 *(.gnu.version_d)

.gnu.version_r
 *(.gnu.version_r)

.rel.dyn        0x0000000008048094        0x0
 *(.rel.init)
 *(.rel.text .rel.text.* .rel.gnu.linkonce.t.*)
 .rel.text      0x0000000008048094        0x0 kernel/kernel.o
 *(.rel.fini)
 *(.rel.rodata .rel.rodata.* .rel.gnu.linkonce.r.*)
 *(.rel.data.rel.ro .rel.data.rel.ro.* .rel.gnu.linkonce.d.rel.ro.*)
 *(.rel.data .rel.data.* .rel.gnu.linkonce.d.*)
 .rel.data      0x0000000008048094        0x0 kernel/kernel.o
 *(.rel.tdata .rel.tdata.* .rel.gnu.linkonce.td.*)
 *(.rel.tbss .rel.tbss.* .rel.gnu.linkonce.tb.*)
 *(.rel.ctors)
 *(.rel.dtors)
 *(.rel.got)
 *(.rel.bss .rel.bss.* .rel.gnu.linkonce.b.*)
 *(.rel.ifunc)

.rel.plt        0x0000000008048094        0x0
 *(.rel.plt)
                [!provide]                        PROVIDE (__rel_iplt_start, .)
 *(.rel.iplt)
 .rel.iplt      0x0000000008048094        0x0 kernel/kernel.o
                [!provide]                        PROVIDE (__rel_iplt_end, .)

.init
 *(SORT(.init))

.plt            0x00000000080480a0        0x0
 *(.plt)
 *(.iplt)
 .iplt          0x00000000080480a0        0x0 kernel/kernel.o

.plt.got
 *(.plt.got)

.text           0x0000000000001000     0xc598
 *(.text.unlikely .text.*_unlikely .text.unlikely.*)
 *(.text.exit .text.exit.*)
 *(.text.startup .text.startup.*)
 *(.text.hot .text.hot.*)
 *(.text .stub .text.* .gnu.linkonce.t.*)
 .text          0x0000000000001000      0x424 kernel/kernel.o
                0x0000000000001000                _start
                0x0000000000001040                hwint00
                0x0000000000001070                hwint01
                0x00000000000010a0                hwint02
                0x00000000000010d0                hwint03
                0x0000000000001100                hwint04
                0x0000000000001130                hwint05
                0x0000000000001160                hwint06
                0x0000000000001190                hwint07
                0x00000000000011c0                hwint08
                0x00000000000011f0                hwint09
                0x0000000000001220                hwint10
                0x0000000000001250                hwint11
                0x0000000000001280                hwint12
                0x00000000000012b0                hwint13
                0x00000000000012e0                hwint14
                0x0000000000001310                hwint15
                0x0000000000001334                divide_error
                0x000000000000133a                single_step_exception
                0x0000000000001340                nmi
                0x0000000000001346                breakpoint_exception
                0x000000000000134c                overflow
                0x0000000000001352                bounds_check
                0x0000000000001358                inval_opcode
                0x000000000000135e                copr_not_available
                0x0000000000001364                double_fault
                0x0000000000001368                copr_seg_overrun
                0x000000000000136e                inval_tss
                0x0000000000001372                segment_not_present
                0x0000000000001376                stack_exception
                0x000000000000137a                general_protection
                0x000000000000137e                page_fault
                0x0000000000001382                copr_error
                0x00000000000013d7                sys_call
                0x00000000000013f7                restart
 .text          0x0000000000001424       0x95 kernel/start.o
                0x0000000000001424                cstart
 .text          0x00000000000014b9      0xacf kernel/main.o
                0x00000000000014b9                kernel_main
                0x000000000000186a                get_ticks
                0x000000000000189e                untar
                0x0000000000001a5c                shabby_shell
                0x0000000000001c9e                Init
                0x0000000000001e3b                TestA
                0x0000000000001e97                TestB
                0x0000000000001eeb                TestC
                0x0000000000001f3f                panic
 .text          0x0000000000001f88      0x10d kernel/clock.o
                0x0000000000001f88                clock_handler
                0x0000000000002003                milli_delay
                0x000000000000203d                init_clock
 .text          0x0000000000002095      0x6da kernel/keyboard.o
                0x0000000000002095                keyboard_handler
                0x00000000000020ff                init_keyboard
                0x00000000000021ae                keyboard_read
 .text          0x000000000000276f      0xa4a kernel/tty.o
                0x000000000000276f                task_tty
                0x0000000000002960                in_process
                0x0000000000002eb9                sys_printx
                0x0000000000003058                dump_tty_buf
 .text          0x00000000000031b9      0x7d7 kernel/console.o
                0x00000000000031b9                init_screen
                0x000000000000332d                out_char
                0x000000000000360a                is_current_console
                0x00000000000036fd                select_console
                0x000000000000373d                scroll_screen
 .text          0x0000000000003990      0x130 kernel/i8259.o
                0x0000000000003990                init_8259A
                0x0000000000003a65                spurious_irq
                0x0000000000003a9c                put_irq_handler
 .text          0x0000000000003ac0        0x0 kernel/global.o
 .text          0x0000000000003ac0      0x65f kernel/protect.o
                0x0000000000003ac0                init_prot
                0x0000000000003f28                seg2linear
                0x0000000000003f77                init_desc
                0x0000000000003fe4                exception_handler
 .text          0x000000000000411f     0x1c73 kernel/proc.o
                0x000000000000411f                schedule
                0x00000000000041ab                sys_sendrec
                0x00000000000042cb                ldt_seg_linear
                0x0000000000004315                va2la
                0x0000000000004376                reset_msg
                0x00000000000051b5                inform_int
                0x000000000000533d                dump_proc
                0x000000000000567c                dump_msg
                0x0000000000005789                manage_list
                0x0000000000005902                schedule_rr
                0x00000000000059ed                queue
                0x0000000000005a63                pow
                0x0000000000005a93                schedule_queue
 .text          0x0000000000005d92      0x2bc kernel/systask.o
                0x0000000000005d92                task_sys
 .text          0x000000000000604e      0xe1f kernel/hd.o
                0x000000000000604e                task_hd
                0x0000000000006e42                hd_handler
 *fill*         0x0000000000006e6d        0x3 
 .text          0x0000000000006e70      0x19a kernel/kliba.o
                0x0000000000006e70                disp_str
                0x0000000000006eae                disp_color_str
                0x0000000000006eed                out_byte
                0x0000000000006ef9                in_byte
                0x0000000000006f03                port_read
                0x0000000000006f16                port_write
                0x0000000000006f29                disable_irq
                0x0000000000006f5e                enable_irq
                0x0000000000006f7d                disable_int
                0x0000000000006f7f                enable_int
                0x0000000000006f81                glitter
 .text          0x000000000000700a      0x2af kernel/klib.o
                0x000000000000700a                get_boot_params
                0x0000000000007090                get_kernel_map
                0x00000000000071a0                itoa
                0x000000000000724b                disp_int
                0x0000000000007272                delay
 .text          0x00000000000072b9       0x6f lib/syslog.o
                0x00000000000072b9                syslog
 .text          0x0000000000007328      0x1bc mm/main.o
                0x0000000000007328                task_mm
                0x000000000000745f                alloc_mem
                0x00000000000074da                free_mem
 .text          0x00000000000074e4      0x6e3 mm/forkexit.o
                0x00000000000074e4                do_fork
                0x0000000000007948                do_exit
                0x0000000000007b11                do_wait
 .text          0x0000000000007bc7      0x368 mm/exec.o
                0x0000000000007bc7                do_exec
 .text          0x0000000000007f2f     0x1091 fs/main.o
                0x0000000000007f2f                task_fs
                0x00000000000089ad                rw_sector
                0x0000000000008bd0                get_super_block
                0x0000000000008c16                get_inode
                0x0000000000008d79                put_inode
                0x0000000000008db7                sync_inode
 .text          0x0000000000008fc0      0xa9d fs/open.o
                0x0000000000008fc0                do_open
                0x0000000000009400                do_close
                0x0000000000009477                do_lseek
 .text          0x0000000000009a5d      0x3b2 fs/misc.o
                0x0000000000009a5d                do_stat
                0x0000000000009c2e                search_file
                0x0000000000009d84                strip_path
 .text          0x0000000000009e0f      0x491 fs/read_write.o
                0x0000000000009e0f                do_rdwt
 .text          0x000000000000a2a0      0x808 fs/link.o
                0x000000000000a2a0                do_unlink
 .text          0x000000000000aaa8     0x1fb9 fs/disklog.o
                0x000000000000aaa8                disklog
                0x000000000000b015                dump_fd_graph
 .text          0x000000000000ca61       0xad lib/orangescrt.a(printf.o)
                0x000000000000ca61                printf
                0x000000000000cacc                printl
 .text          0x000000000000cb0e      0x305 lib/orangescrt.a(vsprintf.o)
                0x000000000000cb6c                vsprintf
                0x000000000000cded                sprintf
 *fill*         0x000000000000ce13        0xd 
 .text          0x000000000000ce20       0x78 lib/orangescrt.a(string.o)
                0x000000000000ce20                memcpy
                0x000000000000ce49                memset
                0x000000000000ce6a                strcpy
                0x000000000000ce82                strlen
 .text          0x000000000000ce98      0x256 lib/orangescrt.a(misc.o)
                0x000000000000ce98                send_recv
                0x000000000000cf52                memcmp
                0x000000000000cfc8                strcmp
                0x000000000000d03b                strcat
                0x000000000000d09a                spin
                0x000000000000d0b5                assertion_failure
 .text          0x000000000000d0ee       0x63 lib/orangescrt.a(open.o)
                0x000000000000d0ee                open
 .text          0x000000000000d151       0x37 lib/orangescrt.a(read.o)
                0x000000000000d151                read
 .text          0x000000000000d188       0x37 lib/orangescrt.a(write.o)
                0x000000000000d188                write
 .text          0x000000000000d1bf       0x2b lib/orangescrt.a(close.o)
                0x000000000000d1bf                close
 .text          0x000000000000d1ea       0x46 lib/orangescrt.a(getpid.o)
                0x000000000000d1ea                getpid
 .text          0x000000000000d230       0x63 lib/orangescrt.a(stat.o)
                0x000000000000d230                stat
 .text          0x000000000000d293       0x66 lib/orangescrt.a(fork.o)
                0x000000000000d293                fork
 .text          0x000000000000d2f9       0x3c lib/orangescrt.a(wait.o)
                0x000000000000d2f9                wait
 .text          0x000000000000d335      0x237 lib/orangescrt.a(exec.o)
                0x000000000000d335                exec
                0x000000000000d3a0                execl
                0x000000000000d3c5                execv
 *fill*         0x000000000000d56c        0x4 
 .text          0x000000000000d570       0x28 lib/orangescrt.a(syscall.o)
                0x000000000000d570                sendrec
                0x000000000000d58a                printx
 *(.gnu.warning)

.fini
 *(SORT(.fini))
                [!provide]                        PROVIDE (__etext, .)
                [!provide]                        PROVIDE (_etext, .)
                [!provide]                        PROVIDE (etext, .)

.rodata         0x000000000000d5a0     0x25fb
 *(.rodata .rodata.* .gnu.linkonce.r.*)
 .rodata        0x000000000000d5a0       0x47 kernel/start.o
 *fill*         0x000000000000d5e7        0x1 
 .rodata        0x000000000000d5e8      0x1a2 kernel/main.o
 *fill*         0x000000000000d78a        0x2 
 .rodata        0x000000000000d78c       0x64 kernel/keyboard.o
 .rodata        0x000000000000d7f0      0x168 kernel/tty.o
 .rodata        0x000000000000d958       0x5b kernel/console.o
 .rodata        0x000000000000d9b3       0x11 kernel/i8259.o
 .rodata        0x000000000000d9c4       0x10 kernel/global.o
                0x000000000000d9c4                FSBUF_SIZE
                0x000000000000d9c8                MMBUF_SIZE
                0x000000000000d9cc                LOGBUF_SIZE
                0x000000000000d9d0                LOGDISKBUF_SIZE
 *fill*         0x000000000000d9d4        0xc 
 .rodata        0x000000000000d9e0      0x580 kernel/protect.o
 .rodata        0x000000000000df60      0x5da kernel/proc.o
 .rodata        0x000000000000e53a       0x11 kernel/systask.o
 *fill*         0x000000000000e54b        0x1 
 .rodata        0x000000000000e54c      0x1df kernel/hd.o
 *fill*         0x000000000000e72b        0x1 
 .rodata        0x000000000000e72c       0x6a kernel/klib.o
 .rodata        0x000000000000e796       0x1e lib/syslog.o
 .rodata        0x000000000000e7b4       0xb1 mm/main.o
 *fill*         0x000000000000e865        0x3 
 .rodata        0x000000000000e868      0x136 mm/forkexit.o
 *fill*         0x000000000000e99e        0x2 
 .rodata        0x000000000000e9a0       0xa4 mm/exec.o
 .rodata        0x000000000000ea44      0x2b6 fs/main.o
 *fill*         0x000000000000ecfa        0x2 
 .rodata        0x000000000000ecfc      0x13c fs/open.o
 .rodata        0x000000000000ee38       0x60 fs/misc.o
 .rodata        0x000000000000ee98      0x164 fs/read_write.o
 .rodata        0x000000000000effc      0x1ad fs/link.o
 *fill*         0x000000000000f1a9        0x3 
 .rodata        0x000000000000f1ac      0x806 fs/disklog.o
 .rodata        0x000000000000f9b2       0x14 lib/orangescrt.a(printf.o)
 *fill*         0x000000000000f9c6        0x2 
 .rodata        0x000000000000f9c8       0xad lib/orangescrt.a(misc.o)
 .rodata        0x000000000000fa75       0x23 lib/orangescrt.a(open.o)
 .rodata        0x000000000000fa98       0x25 lib/orangescrt.a(getpid.o)
 .rodata        0x000000000000fabd       0x23 lib/orangescrt.a(stat.o)
 .rodata        0x000000000000fae0       0x33 lib/orangescrt.a(fork.o)
 *fill*         0x000000000000fb13        0x1 
 .rodata        0x000000000000fb14       0x87 lib/orangescrt.a(exec.o)

.rodata1
 *(.rodata1)

.eh_frame_hdr
 *(.eh_frame_hdr)
 *(.eh_frame_entry .eh_frame_entry.*)

.eh_frame       0x000000000000fb9c     0x1318
 *(.eh_frame)
 .eh_frame      0x000000000000fb9c       0x38 kernel/start.o
 .eh_frame      0x000000000000fbd4      0x108 kernel/main.o
                                        0x120 (size before relaxing)
 .eh_frame      0x000000000000fcdc       0x60 kernel/clock.o
                                         0x78 (size before relaxing)
 .eh_frame      0x000000000000fd3c       0xe0 kernel/keyboard.o
                                         0xf8 (size before relaxing)
 .eh_frame      0x000000000000fe1c      0x13c kernel/tty.o
                                        0x154 (size before relaxing)
 .eh_frame      0x000000000000ff58      0x144 kernel/console.o
                                        0x15c (size before relaxing)
 .eh_frame      0x000000000001009c       0x60 kernel/i8259.o
                                         0x78 (size before relaxing)
 .eh_frame      0x00000000000100fc       0xb0 kernel/protect.o
                                         0xc8 (size before relaxing)
 .eh_frame      0x00000000000101ac      0x258 kernel/proc.o
                                        0x270 (size before relaxing)
 .eh_frame      0x0000000000010404       0x5c kernel/systask.o
                                         0x74 (size before relaxing)
 .eh_frame      0x0000000000010460      0x1f0 kernel/hd.o
                                        0x208 (size before relaxing)
 .eh_frame      0x0000000000010650       0xa0 kernel/klib.o
                                         0xb8 (size before relaxing)
 .eh_frame      0x00000000000106f0       0x20 lib/syslog.o
                                         0x38 (size before relaxing)
 .eh_frame      0x0000000000010710       0x7c mm/main.o
                                         0x94 (size before relaxing)
 .eh_frame      0x000000000001078c       0x90 mm/forkexit.o
                                         0xa8 (size before relaxing)
 .eh_frame      0x000000000001081c       0x2c mm/exec.o
                                         0x44 (size before relaxing)
 .eh_frame      0x0000000000010848      0x170 fs/main.o
                                        0x188 (size before relaxing)
 .eh_frame      0x00000000000109b8      0x120 fs/open.o
                                        0x138 (size before relaxing)
 .eh_frame      0x0000000000010ad8       0x68 fs/misc.o
                                         0x80 (size before relaxing)
 .eh_frame      0x0000000000010b40       0x2c fs/read_write.o
                                         0x44 (size before relaxing)
 .eh_frame      0x0000000000010b6c       0x2c fs/link.o
                                         0x44 (size before relaxing)
 .eh_frame      0x0000000000010b98       0x60 fs/disklog.o
                                         0x78 (size before relaxing)
 .eh_frame      0x0000000000010bf8       0x40 lib/orangescrt.a(printf.o)
                                         0x58 (size before relaxing)
 .eh_frame      0x0000000000010c38       0x60 lib/orangescrt.a(vsprintf.o)
                                         0x78 (size before relaxing)
 .eh_frame      0x0000000000010c98       0xbc lib/orangescrt.a(misc.o)
                                         0xd4 (size before relaxing)
 .eh_frame      0x0000000000010d54       0x20 lib/orangescrt.a(open.o)
                                         0x38 (size before relaxing)
 .eh_frame      0x0000000000010d74       0x20 lib/orangescrt.a(read.o)
                                         0x38 (size before relaxing)
 .eh_frame      0x0000000000010d94       0x20 lib/orangescrt.a(write.o)
                                         0x38 (size before relaxing)
 .eh_frame      0x0000000000010db4       0x20 lib/orangescrt.a(close.o)
                                         0x38 (size before relaxing)
 .eh_frame      0x0000000000010dd4       0x20 lib/orangescrt.a(getpid.o)
                                         0x38 (size before relaxing)
 .eh_frame      0x0000000000010df4       0x20 lib/orangescrt.a(stat.o)
                                         0x38 (size before relaxing)
 .eh_frame      0x0000000000010e14       0x20 lib/orangescrt.a(fork.o)
                                         0x38 (size before relaxing)
 .eh_frame      0x0000000000010e34       0x20 lib/orangescrt.a(wait.o)
                                         0x38 (size before relaxing)
 .eh_frame      0x0000000000010e54       0x60 lib/orangescrt.a(exec.o)
                                         0x78 (size before relaxing)
 *(.eh_frame.*)

.gcc_except_table
 *(.gcc_except_table .gcc_except_table.*)

.gnu_extab
 *(.gnu_extab*)

.exception_ranges
 *(.exception_ranges .exception_ranges*)
                0x0000000000011000                . = DATA_SEGMENT_ALIGN (0x1000, 0x1000)

.eh_frame
 *(.eh_frame)
 *(.eh_frame.*)

.gnu_extab
 *(.gnu_extab)

.gcc_except_table
 *(.gcc_except_table .gcc_except_table.*)

.exception_ranges
 *(.exception_ranges .exception_ranges*)

.tdata
 *(.tdata .tdata.* .gnu.linkonce.td.*)

.tbss
 *(.tbss .tbss.* .gnu.linkonce.tb.*)
 *(.tcommon)

.preinit_array  0x0000000000011000        0x0
                [!provide]                        PROVIDE (__preinit_array_start, .)
 *(.preinit_array)
                [!provide]                        PROVIDE (__preinit_array_end, .)

.init_array     0x0000000000011000        0x0
                [!provide]                        PROVIDE (__init_array_start, .)
 *(SORT(.init_array.*) SORT(.ctors.*))
 *(.init_array EXCLUDE_FILE(*crtend?.o *crtend.o *crtbegin?.o *crtbegin.o) .ctors)
                [!provide]                        PROVIDE (__init_array_end, .)

.fini_array     0x0000000000011000        0x0
                [!provide]                        PROVIDE (__fini_array_start, .)
 *(SORT(.fini_array.*) SORT(.dtors.*))
 *(.fini_array EXCLUDE_FILE(*crtend?.o *crtend.o *crtbegin?.o *crtbegin.o) .dtors)
                [!provide]                        PROVIDE (__fini_array_end, .)

.ctors
 *crtbegin.o(.ctors)
 *crtbegin?.o(.ctors)
 *(EXCLUDE_FILE(*crtend?.o *crtend.o) .ctors)
 *(SORT(.ctors.*))
 *(.ctors)

.dtors
 *crtbegin.o(.dtors)
 *crtbegin?.o(.dtors)
 *(EXCLUDE_FILE(*crtend?.o *crtend.o) .dtors)
 *(SORT(.dtors.*))
 *(.dtors)

.jcr
 *(.jcr)

.data.rel.ro
 *(.data.rel.ro.local* .gnu.linkonce.d.rel.ro.local.*)
 *(.data.rel.ro .data.rel.ro.* .gnu.linkonce.d.rel.ro.*)

.dynamic
 *(.dynamic)

.got
 *(.got)
 *(.igot)
                0x0000000000011000                . = DATA_SEGMENT_RELRO_END (., (SIZEOF (.got.plt) >= 0xc)?0xc:0x0)

.got.plt        0x0000000000011000        0x0
 *(.got.plt)
 *(.igot.plt)
 .igot.plt      0x0000000000011000        0x0 kernel/kernel.o

.data           0x0000000000011000      0x814
 *(.data .data.* .gnu.linkonce.d.*)
 .data          0x0000000000011000        0x2 kernel/kernel.o
 .data          0x0000000000011002        0x0 kernel/start.o
 .data          0x0000000000011002        0x0 kernel/main.o
 .data          0x0000000000011002        0x0 kernel/clock.o
 *fill*         0x0000000000011002       0x1e 
 .data          0x0000000000011020      0x600 kernel/keyboard.o
                0x0000000000011020                keymap
 .data          0x0000000000011620       0x22 kernel/tty.o
 .data          0x0000000000011642        0x0 kernel/console.o
 .data          0x0000000000011642        0x0 kernel/i8259.o
 *fill*         0x0000000000011642       0x1e 
 .data          0x0000000000011660      0x1b4 kernel/global.o
                0x0000000000011660                task_table
                0x0000000000011740                user_proc_table
                0x00000000000117e0                sys_call_table
                0x00000000000117ec                dd_map
                0x0000000000011804                fsbuf
                0x0000000000011808                mmbuf
                0x000000000001180c                logbuf
                0x0000000000011810                logdiskbuf
 .data          0x0000000000011814        0x0 kernel/protect.o
 .data          0x0000000000011814        0x0 kernel/proc.o
 .data          0x0000000000011814        0x0 kernel/systask.o
 .data          0x0000000000011814        0x0 kernel/hd.o
 .data          0x0000000000011814        0x0 kernel/klib.o
 .data          0x0000000000011814        0x0 lib/syslog.o
 .data          0x0000000000011814        0x0 mm/main.o
 .data          0x0000000000011814        0x0 mm/forkexit.o
 .data          0x0000000000011814        0x0 mm/exec.o
 .data          0x0000000000011814        0x0 fs/main.o
 .data          0x0000000000011814        0x0 fs/open.o
 .data          0x0000000000011814        0x0 fs/misc.o
 .data          0x0000000000011814        0x0 fs/read_write.o
 .data          0x0000000000011814        0x0 fs/link.o
 .data          0x0000000000011814        0x0 fs/disklog.o
 .data          0x0000000000011814        0x0 lib/orangescrt.a(printf.o)
 .data          0x0000000000011814        0x0 lib/orangescrt.a(vsprintf.o)
 .data          0x0000000000011814        0x0 lib/orangescrt.a(misc.o)
 .data          0x0000000000011814        0x0 lib/orangescrt.a(open.o)
 .data          0x0000000000011814        0x0 lib/orangescrt.a(read.o)
 .data          0x0000000000011814        0x0 lib/orangescrt.a(write.o)
 .data          0x0000000000011814        0x0 lib/orangescrt.a(close.o)
 .data          0x0000000000011814        0x0 lib/orangescrt.a(getpid.o)
 .data          0x0000000000011814        0x0 lib/orangescrt.a(stat.o)
 .data          0x0000000000011814        0x0 lib/orangescrt.a(fork.o)
 .data          0x0000000000011814        0x0 lib/orangescrt.a(wait.o)
 .data          0x0000000000011814        0x0 lib/orangescrt.a(exec.o)

.data1
 *(.data1)
                0x0000000000011814                _edata = .
                [!provide]                        PROVIDE (edata, .)
                0x0000000000011814                . = .
                0x0000000000011814                __bss_start = .

.bss            0x0000000000011820    0x2b9e4
 *(.dynbss)
 *(.bss .bss.* .gnu.linkonce.b.*)
 .bss           0x0000000000011820      0x800 kernel/kernel.o
 .bss           0x0000000000012020        0x0 kernel/start.o
 .bss           0x0000000000012020        0x4 kernel/main.o
                0x0000000000012020                flag
 .bss           0x0000000000012024        0x0 kernel/clock.o
 *fill*         0x0000000000012024       0x1c 
 .bss           0x0000000000012040       0x58 kernel/keyboard.o
 .bss           0x0000000000012098        0x0 kernel/tty.o
 .bss           0x0000000000012098        0x0 kernel/console.o
 .bss           0x0000000000012098        0x0 kernel/i8259.o
 .bss           0x0000000000012098        0x0 kernel/global.o
 .bss           0x0000000000012098        0x0 kernel/protect.o
 .bss           0x0000000000012098        0x0 kernel/proc.o
 .bss           0x0000000000012098        0x0 kernel/systask.o
 *fill*         0x0000000000012098        0x8 
 .bss           0x00000000000120a0      0x64c kernel/hd.o
 .bss           0x00000000000126ec        0x0 kernel/klib.o
 .bss           0x00000000000126ec        0x0 lib/syslog.o
 .bss           0x00000000000126ec        0x0 mm/main.o
 .bss           0x00000000000126ec        0x0 mm/forkexit.o
 .bss           0x00000000000126ec        0x0 mm/exec.o
 .bss           0x00000000000126ec        0x0 fs/main.o
 .bss           0x00000000000126ec        0x0 fs/open.o
 .bss           0x00000000000126ec        0x0 fs/misc.o
 .bss           0x00000000000126ec        0x0 fs/read_write.o
 .bss           0x00000000000126ec        0x0 fs/link.o
 *fill*         0x00000000000126ec       0x14 
 .bss           0x0000000000012700      0x208 fs/disklog.o
 .bss           0x0000000000012908        0x0 lib/orangescrt.a(printf.o)
 .bss           0x0000000000012908        0x0 lib/orangescrt.a(vsprintf.o)
 .bss           0x0000000000012908        0x0 lib/orangescrt.a(misc.o)
 .bss           0x0000000000012908        0x0 lib/orangescrt.a(open.o)
 .bss           0x0000000000012908        0x0 lib/orangescrt.a(read.o)
 .bss           0x0000000000012908        0x0 lib/orangescrt.a(write.o)
 .bss           0x0000000000012908        0x0 lib/orangescrt.a(close.o)
 .bss           0x0000000000012908        0x0 lib/orangescrt.a(getpid.o)
 .bss           0x0000000000012908        0x0 lib/orangescrt.a(stat.o)
 .bss           0x0000000000012908        0x0 lib/orangescrt.a(fork.o)
 .bss           0x0000000000012908        0x0 lib/orangescrt.a(wait.o)
 .bss           0x0000000000012908        0x0 lib/orangescrt.a(exec.o)
 *(COMMON)
 *fill*         0x0000000000012908       0x18 
 COMMON         0x0000000000012920    0x2a854 kernel/global.o
                0x0000000000012920                idt_ptr
                0x0000000000012940                inode_table
                0x0000000000013440                task_stack
                0x0000000000037440                k_reenter
                0x0000000000037460                gdt
                0x0000000000037860                current_console
                0x0000000000037864                pcaller
                0x0000000000037880                tty_table
                0x0000000000038500                tss
                0x0000000000038580                fs_msg
                0x00000000000385b0                memory_size
                0x00000000000385c0                f_desc_table
                0x00000000000389c0                root_inode
                0x00000000000389c4                disp_pos
                0x00000000000389e0                mm_msg
                0x0000000000038a10                key_pressed
                0x0000000000038a14                gdt_ptr
                0x0000000000038a20                idt
                0x0000000000039220                super_block
                0x0000000000039400                ticks
                0x0000000000039404                proc_queue
                0x0000000000039420                console_table
                0x0000000000039460                irq_table
                0x00000000000394a0                p_proc_ready
                0x00000000000394c0                proc_table
 COMMON         0x000000000003d174       0x10 kernel/hd.o
                0x000000000003d174                PARTITION_ENTRY
 *fill*         0x000000000003d184       0x1c 
 COMMON         0x000000000003d1a0       0x64 mm/forkexit.o
                0x000000000003d1a0                debug_info
                0x000000000003d204                . = ALIGN ((. != 0x0)?0x4:0x1)
                0x000000000003d204                . = ALIGN (0x4)
                0x000000000003d204                . = SEGMENT_START ("ldata-segment", .)
                0x000000000003d204                . = ALIGN (0x4)
                0x000000000003d204                _end = .
                [!provide]                        PROVIDE (end, .)
                0x000000000003d204                . = DATA_SEGMENT_END (.)

.stab
 *(.stab)

.stabstr
 *(.stabstr)

.stab.excl
 *(.stab.excl)

.stab.exclstr
 *(.stab.exclstr)

.stab.index
 *(.stab.index)

.stab.indexstr
 *(.stab.indexstr)

.comment        0x0000000000000000       0x35
 *(.comment)
 .comment       0x0000000000000000       0x35 kernel/start.o
                                         0x36 (size before relaxing)
 .comment       0x0000000000000035       0x36 kernel/main.o
 .comment       0x0000000000000035       0x36 kernel/clock.o
 .comment       0x0000000000000035       0x36 kernel/keyboard.o
 .comment       0x0000000000000035       0x36 kernel/tty.o
 .comment       0x0000000000000035       0x36 kernel/console.o
 .comment       0x0000000000000035       0x36 kernel/i8259.o
 .comment       0x0000000000000035       0x36 kernel/global.o
 .comment       0x0000000000000035       0x36 kernel/protect.o
 .comment       0x0000000000000035       0x36 kernel/proc.o
 .comment       0x0000000000000035       0x36 kernel/systask.o
 .comment       0x0000000000000035       0x36 kernel/hd.o
 .comment       0x0000000000000035       0x36 kernel/klib.o
 .comment       0x0000000000000035       0x36 lib/syslog.o
 .comment       0x0000000000000035       0x36 mm/main.o
 .comment       0x0000000000000035       0x36 mm/forkexit.o
 .comment       0x0000000000000035       0x36 mm/exec.o
 .comment       0x0000000000000035       0x36 fs/main.o
 .comment       0x0000000000000035       0x36 fs/open.o
 .comment       0x0000000000000035       0x36 fs/misc.o
 .comment       0x0000000000000035       0x36 fs/read_write.o
 .comment       0x0000000000000035       0x36 fs/link.o
 .comment       0x0000000000000035       0x36 fs/disklog.o
 .comment       0x0000000000000035       0x36 lib/orangescrt.a(printf.o)
 .comment       0x0000000000000035       0x36 lib/orangescrt.a(vsprintf.o)
 .comment       0x0000000000000035       0x36 lib/orangescrt.a(misc.o)
 .comment       0x0000000000000035       0x36 lib/orangescrt.a(open.o)
 .comment       0x0000000000000035       0x36 lib/orangescrt.a(read.o)
 .comment       0x0000000000000035       0x36 lib/orangescrt.a(write.o)
 .comment       0x0000000000000035       0x36 lib/orangescrt.a(close.o)
 .comment       0x0000000000000035       0x36 lib/orangescrt.a(getpid.o)
 .comment       0x0000000000000035       0x36 lib/orangescrt.a(stat.o)
 .comment       0x0000000000000035       0x36 lib/orangescrt.a(fork.o)
 .comment       0x0000000000000035       0x36 lib/orangescrt.a(wait.o)
 .comment       0x0000000000000035       0x36 lib/orangescrt.a(exec.o)

.debug
 *(.debug)

.line
 *(.line)

.debug_srcinfo
 *(.debug_srcinfo)

.debug_sfnames
 *(.debug_sfnames)

.debug_aranges
 *(.debug_aranges)

.debug_pubnames
 *(.debug_pubnames)

.debug_info
 *(.debug_info .gnu.linkonce.wi.*)

.debug_abbrev
 *(.debug_abbrev)

.debug_line
 *(.debug_line .debug_line.* .debug_line_end)

.debug_frame
 *(.debug_frame)

.debug_str
 *(.debug_str)

.debug_loc
 *(.debug_loc)

.debug_macinfo
 *(.debug_macinfo)

.debug_weaknames
 *(.debug_weaknames)

.debug_funcnames
 *(.debug_funcnames)

.debug_typenames
 *(.debug_typenames)

.debug_varnames
 *(.debug_varnames)

.debug_pubtypes
 *(.debug_pubtypes)

.debug_ranges
 *(.debug_ranges)

.debug_macro
 *(.debug_macro)

.gnu.attributes
 *(.gnu.attributes)

/DISCARD/
 *(.note.GNU-stack)
 *(.gnu_debuglink)
 *(.gnu.lto_*)
OUTPUT(kernel.bin elf32-i386)
